2017-10-31T17:45:10.305+0000 I CONTROL  [initandlisten] MongoDB starting : pid=34685 port=27017 dbpath=/data/perftest/db 64-bit host=sre-mac.local
2017-10-31T17:45:10.305+0000 I CONTROL  [initandlisten] db version v3.6.0-rc1
2017-10-31T17:45:10.305+0000 I CONTROL  [initandlisten] git version: 979ee612682b77d9cabaafae10787fbb578cd32a
2017-10-31T17:45:10.305+0000 I CONTROL  [initandlisten] OpenSSL version: OpenSSL 0.9.8zh 14 Jan 2016
2017-10-31T17:45:10.305+0000 I CONTROL  [initandlisten] allocator: system
2017-10-31T17:45:10.305+0000 I CONTROL  [initandlisten] modules: none
2017-10-31T17:45:10.305+0000 I CONTROL  [initandlisten] build environment:
2017-10-31T17:45:10.305+0000 I CONTROL  [initandlisten]     distarch: x86_64
2017-10-31T17:45:10.305+0000 I CONTROL  [initandlisten]     target_arch: x86_64
2017-10-31T17:45:10.305+0000 I CONTROL  [initandlisten] options: { net: { compression: { compressors: "zlib" } }, processManagement: { fork: true }, storage: { dbPath: "/data/perftest/db" }, systemLog: { destination: "file", path: "./test.log" } }
2017-10-31T17:45:10.306+0000 I STORAGE  [initandlisten] wiredtiger_open config: create,cache_size=7680M,session_max=20000,eviction=(threads_min=4,threads_max=4),config_base=false,statistics=(fast),log=(enabled=true,archive=true,path=journal,compressor=snappy),file_manager=(close_idle_time=100000),statistics_log=(wait=0),verbose=(recovery_progress),
2017-10-31T17:45:10.307+0000 E STORAGE  [initandlisten] WiredTiger error (2) [1509471910:307893][34685:0x7fff9c2203c0], file:WiredTiger.wt, connection: /data/perftest/db/WiredTiger.wt: handle-open: open: No such file or directory
2017-10-31T17:45:10.317+0000 E -        [initandlisten] Assertion: 28595:2: No such file or directory src/mongo/db/storage/wiredtiger/wiredtiger_kv_engine.cpp 410
2017-10-31T17:45:10.318+0000 I STORAGE  [initandlisten] exception in initAndListen: Location28595: 2: No such file or directory, terminating
2017-10-31T17:45:10.318+0000 I NETWORK  [initandlisten] shutdown: going to close listening sockets...
2017-10-31T17:45:10.318+0000 I CONTROL  [initandlisten] now exiting
2017-10-31T17:45:10.318+0000 I CONTROL  [initandlisten] shutting down with code:100
